<html>
<body>
<pre>
<h1>µVision Build Log</h1>
<h2>Tool Versions:</h2>
IDE-Version: ¦ÌVision V5.22.0.0
Copyright (C) 2016 ARM Ltd and ARM Germany GmbH. All rights reserved.
License Information: w Microsoft, Microsoft, LIC=GE745-GZ4Q2-9XHUW-Q7J8R-NV0YJ-1Y16W
 
Tool Versions:
Toolchain:       MDK-ARM Professional  Version: 5.22
Toolchain Path:  C:\Keil_v5\ARM\ARMCC\Bin
C Compiler:      Armcc.exe V5.06 update 4 (build 422)
Assembler:       Armasm.exe V5.06 update 4 (build 422)
Linker/Locator:  ArmLink.exe V5.06 update 4 (build 422)
Library Manager: ArmAr.exe V5.06 update 4 (build 422)
Hex Converter:   FromElf.exe V5.06 update 4 (build 422)
CPU DLL:         SARMCM3.DLL V5.22
Dialog DLL:      DCM.DLL V1.13.9.0
Target DLL:      STLink\ST-LINKIII-KEIL_SWO.dll V2.0.18.0
Dialog DLL:      TCM.DLL V1.21.0.0
 
<h2>Project:</h2>
G:\ibo\camera\camera\MDK-ARM\camera.uvprojx
Project File Date:  11/14/2018

<h2>Output:</h2>
*** Using Compiler 'V5.06 update 4 (build 422)', folder: 'C:\Keil_v5\ARM\ARMCC\Bin'
Build target 'camera'
compiling stm32f4xx_hal_gpio.c...
compiling stm32f4xx_hal.c...
compiling stm32f4xx_hal_rcc_ex.c...
compiling stm32f4xx_hal_dma.c...
compiling stm32f4xx_hal_flash.c...
compiling stm32f4xx_hal_tim_ex.c...
compiling stm32f4xx_hal_flash_ex.c...
compiling stm32f4xx_hal_rcc.c...
compiling stm32f4xx_hal_flash_ramfunc.c...
compiling stm32f4xx_hal_dma_ex.c...
compiling stm32f4xx_hal_pwr.c...
compiling stm32f4xx_hal_cortex.c...
compiling stm32f4xx_hal_pwr_ex.c...
compiling stm32f4xx_hal_tim.c...
compiling stm32f4xx_hal_dcmi_ex.c...
compiling stm32f4xx_hal_sdram.c...
compiling stm32f4xx_ll_fmc.c...
compiling stm32f4xx_hal_dcmi.c...
compiling main.c...
../Src/main.c(169): warning:  #550-D: variable "jpglen"  was set but never used
  	u32 i,jpgstart,jpglen; 
../Src/main.c(171): warning:  #177-D: variable "key"  was declared but never referenced
  	u8 key,headok=0;
../Src/main.c(172): warning:  #177-D: variable "effect"  was declared but never referenced
  	u8 effect=0,contrast=2;
../Src/main.c(172): warning:  #177-D: variable "contrast"  was declared but never referenced
  	u8 effect=0,contrast=2;
../Src/main.c(174): warning:  #177-D: variable "msgbuf"  was declared but never referenced
  	u8 msgbuf[15];		//ÏûÏ¢»º´æÇø 
../Src/main.c: 5 warnings, 0 errors
compiling stm32f4xx_hal_uart.c...
compiling stm32f4xx_hal_msp.c...
compiling stm32f4xx_it.c...
compiling system_stm32f4xx.c...
compiling myiic.c...
compiling sccb.c...
compiling led.c...
compiling ov5640.c...
compiling pcf8574.c...
compiling dcmi.c...
linking...
Program Size: Code=10540 RO-data=5904 RW-data=36 ZI-data=125846796  
"camera\camera.axf" - 0 Error(s), 5 Warning(s).

<h2>Software Packages used:</h2>

Package Vendor: ARM
                http://www.keil.com/pack/ARM.CMSIS.5.0.0.pack
                ARM::CMSIS:CORE:5.0.0
                CMSIS (Cortex Microcontroller Software Interface Standard)
   * Component: CORE Version: 5.0.0

<h2>Collection of Component include folders:</h2>
  G:\ibo\camera\camera\MDK-ARM\RTE\_camera
  C:\Keil_v5\ARM\PACK\ARM\CMSIS\5.0.0\CMSIS\Include
  C:\Keil_v5\ARM\PACK\Keil\STM32F4xx_DFP\2.13.0\Drivers\CMSIS\Device\ST\STM32F4xx\Include

<h2>Collection of Component Files used:</h2>

   * Component: ARM::CMSIS:CORE:5.0.0
Build Time Elapsed:  00:01:48
</pre>
</body>
</html>
